// Jest Snapshot v1, https://goo.gl/fbAQLP

exports[`dateUtils addDays() should add days 1`] = `2020-04-15T16:00:00.000Z`;
