// Jest Snapshot v1, https://goo.gl/fbAQLP

exports[`dateFormatService dateFormatService() should print the correct date 1`] = `"Sun Apr 12 2020"`;
