// Jest Snapshot v1, https://goo.gl/fbAQLP

exports[`formatDate formatDate() should format 1`] = `"Wed Apr 15 2020"`;
